
> frontend@0.0.0 build
> vite build

[36mvite v8.0.3 [32mbuilding client environment for production...[36m[39m
[2K
transforming...Γ£ô 2127 modules transformed.
npm : [31mΓ£ù[39m Build failed 
in 648ms
At line:1 char:1
+ npm run build > 
build_output.txt 2>&1
+ ~~~~~~~~~~~~~~~~~~~~~~~~~~~~~~~~
~~~~~
    + CategoryInfo          : Not 
   Specified: ([31mΓ£ù[39m Bui  
  ld failed in 648ms:String) []   
 , RemoteException
    + FullyQualifiedErrorId : Nat 
   iveCommandError
 
[31merror during build:
[31mBuild failed with 1 error:

[plugin vite:css] C:/Users/acer/De
sktop/TalentMatrix/frontend/src/in
dex.css:undefined:NaN
Error: [postcss] It looks like 
you're trying to use 
`tailwindcss` directly as a 
PostCSS plugin. The PostCSS 
plugin has moved to a separate 
package, so to continue using 
Tailwind CSS with PostCSS you'll 
need to install 
`@tailwindcss/postcss` and update 
your PostCSS configuration.
    at at (C:\Users\acer\Desktop\T
alentMatrix\frontend\node_modules\
tailwindcss\dist\lib.js:38:1643)
    at LazyResult.runOnRoot (C:\Us
ers\acer\Desktop\TalentMatrix\fron
tend\node_modules\postcss\lib\lazy
-result.js:361:16)
    at LazyResult.runAsync (C:\Use
rs\acer\Desktop\TalentMatrix\front
end\node_modules\postcss\lib\lazy-
result.js:290:26)
    at LazyResult.async (C:\Users\
acer\Desktop\TalentMatrix\frontend
\node_modules\postcss\lib\lazy-res
ult.js:192:30)
    at LazyResult.then (C:\Users\a
cer\Desktop\TalentMatrix\frontend\
node_modules\postcss\lib\lazy-resu
lt.js:436:17)[31m
    at 
aggregateBindingErrorsIntoJsError 
(file:///C:/Users/acer/Desktop/Tal
entMatrix/frontend/node_modules/ro
lldown/dist/shared/error-BLhcSyeg.
mjs:48:18)
    at unwrapBindingResult (file:/
//C:/Users/acer/Desktop/TalentMatr
ix/frontend/node_modules/rolldown/
dist/shared/error-BLhcSyeg.mjs:18:
128)
    at #build (file:///C:/Users/ac
er/Desktop/TalentMatrix/frontend/n
ode_modules/rolldown/dist/shared/r
olldown-build-CPrIX9V6.mjs:3313:34
)
    at async buildEnvironment (fil
e:///C:/Users/acer/Desktop/TalentM
atrix/frontend/node_modules/vite/d
ist/node/chunks/node.js:32849:64)
    at async Object.build (file://
/C:/Users/acer/Desktop/TalentMatri
x/frontend/node_modules/vite/dist/
node/chunks/node.js:33271:19)
    at async Object.buildApp (file
:///C:/Users/acer/Desktop/TalentMa
trix/frontend/node_modules/vite/di
st/node/chunks/node.js:33268:153)
    at async CAC.<anonymous> (file
:///C:/Users/acer/Desktop/TalentMa
trix/frontend/node_modules/vite/di
st/node/cli.js:778:3) {
  errors: [Getter/Setter]
}[39m
