--- SKILL UPLOAD & VERIFICATION TESTS ---

Test 1: Add Skill (Valid Data)
node : Error during verification: 
SyntaxError: Unexpected token 
'<', "<!DOCTYPE "... is not valid 
JSON
At line:1 char:1
+ node verify_skills.js > 
test_output.txt 2>&1 ; cat 
test_output.txt
+ ~~~~~~~~~~~~~~~~~~~~~~~~~~~~~~~~
~~~~~~~~~~~~
    + CategoryInfo          : Not 
   Specified: (Error during ve..  
  . not valid JSON:String) [],    
 RemoteException
    + FullyQualifiedErrorId : Nat 
   iveCommandError
 
    at JSON.parse (<anonymous>)
    at Response.json (file:///C:/U
sers/acer/Desktop/TalentMatrix/bac
kend/node_modules/node-fetch/src/b
ody.js:149:15)
    at 
process.processTicksAndRejections 
(node:internal/process/task_queues
:95:5)
    at async verifySkills (C:\User
s\acer\Desktop\TalentMatrix\backen
d\verify_skills.js:31:23)
